[0911/141531.376:INFO:CONSOLE(0)] "Error with Permissions-Policy header: Feature xr-spatial-tracking's parameters are ignored.", source:  (0)
[0911/141531.376:INFO:CONSOLE(0)] "Error with Permissions-Policy header: Origin trial controlled feature not enabled: 'attribution-reporting'.", source:  (0)
[0911/141531.376:INFO:CONSOLE(0)] "Error with Permissions-Policy header: Unrecognized feature: 'compute-pressure'.", source:  (0)
[0911/141531.376:INFO:CONSOLE(0)] "Error with Permissions-Policy header: Origin trial controlled feature not enabled: 'interest-cohort'.", source:  (0)
[0911/141531.376:INFO:CONSOLE(0)] "Error with Permissions-Policy header: Unrecognized feature: 'private-state-token-issuance'.", source:  (0)
[0911/141531.376:INFO:CONSOLE(0)] "Error with Permissions-Policy header: Origin trial controlled feature not enabled: 'shared-storage'.", source:  (0)
[0911/141531.376:INFO:CONSOLE(0)] "Error with Permissions-Policy header: Unrecognized feature: 'shared-storage-select-url'.", source:  (0)
[0911/141531.376:INFO:CONSOLE(0)] "Error with Permissions-Policy header: Unrecognized feature: 'private-state-token-redemption'.", source:  (0)
[0911/141531.376:INFO:CONSOLE(0)] "Error with Permissions-Policy header: Unrecognized feature: 'unload'.", source:  (0)
[0911/141531.376:INFO:CONSOLE(0)] "Error with Permissions-Policy header: Unrecognized feature: 'window-management'.", source:  (0)
[0911/141531.376:INFO:CONSOLE(0)] "Document-Policy HTTP header: Unrecognized document policy feature name include-js-call-stacks-in-crash-reports.", source: https://web.whatsapp.com/ (0)
[0911/141531.384:ERROR:entry_impl.cc(1072)] No file for 8000007f
[0911/141531.384:ERROR:entry_impl.cc(1072)] No file for 80000002
[0911/141531.385:ERROR:entry_impl.cc(1072)] No file for 80000001
[0911/141531.388:ERROR:entry_impl.cc(1072)] No file for 80000080
[0911/141531.389:ERROR:entry_impl.cc(1072)] No file for 8000007e
[0911/141531.390:ERROR:entry_impl.cc(1072)] No file for 80000006
[0911/141531.390:ERROR:entry_impl.cc(1072)] No file for 80000081
[0911/141531.390:ERROR:entry_impl.cc(1072)] No file for 80000004
[0911/141534.443:INFO:CONSOLE(0)] "The resource https://static.whatsapp.net/rsrc.php/v5/y2/l/0,cross/olhH8DAVwqH.css was preloaded using link preload but not used within a few seconds from the window's load event. Please make sure it has an appropriate `as` value and it is preloaded intentionally.", source: https://web.whatsapp.com/ (0)
